Archive member included to satisfy reference by file (symbol)

c:/program files (x86)/gnu tools arm embedded/7 2017-q4-major/bin/../lib/gcc/arm-none-eabi/7.2.1/thumb/v6-m\libgcc.a(_udivsi3.o)
                              ./system/src/stm32f0xx/stm32f0xx_hal.o (__aeabi_uidiv)
c:/program files (x86)/gnu tools arm embedded/7 2017-q4-major/bin/../lib/gcc/arm-none-eabi/7.2.1/thumb/v6-m\libgcc.a(_dvmd_tls.o)
                              c:/program files (x86)/gnu tools arm embedded/7 2017-q4-major/bin/../lib/gcc/arm-none-eabi/7.2.1/thumb/v6-m\libgcc.a(_udivsi3.o) (__aeabi_idiv0)
c:/program files (x86)/gnu tools arm embedded/7 2017-q4-major/bin/../lib/gcc/arm-none-eabi/7.2.1/thumb/v6-m\libgcc.a(unwind-arm.o)
                              ./system/src/newlib/_cxx.o (__aeabi_unwind_cpp_pr0)
c:/program files (x86)/gnu tools arm embedded/7 2017-q4-major/bin/../lib/gcc/arm-none-eabi/7.2.1/thumb/v6-m\libgcc.a(libunwind.o)
                              c:/program files (x86)/gnu tools arm embedded/7 2017-q4-major/bin/../lib/gcc/arm-none-eabi/7.2.1/thumb/v6-m\libgcc.a(unwind-arm.o) (restore_core_regs)
c:/program files (x86)/gnu tools arm embedded/7 2017-q4-major/bin/../lib/gcc/arm-none-eabi/7.2.1/thumb/v6-m\libgcc.a(pr-support.o)
                              c:/program files (x86)/gnu tools arm embedded/7 2017-q4-major/bin/../lib/gcc/arm-none-eabi/7.2.1/thumb/v6-m\libgcc.a(unwind-arm.o) (__gnu_unwind_execute)
c:/program files (x86)/gnu tools arm embedded/7 2017-q4-major/bin/../lib/gcc/arm-none-eabi/7.2.1/../../../../arm-none-eabi/lib/thumb/v6-m\libg_nano.a(lib_a-errno.o)
                              ./system/src/newlib/_sbrk.o (__errno)
c:/program files (x86)/gnu tools arm embedded/7 2017-q4-major/bin/../lib/gcc/arm-none-eabi/7.2.1/../../../../arm-none-eabi/lib/thumb/v6-m\libg_nano.a(lib_a-impure.o)
                              c:/program files (x86)/gnu tools arm embedded/7 2017-q4-major/bin/../lib/gcc/arm-none-eabi/7.2.1/../../../../arm-none-eabi/lib/thumb/v6-m\libg_nano.a(lib_a-errno.o) (_impure_ptr)
c:/program files (x86)/gnu tools arm embedded/7 2017-q4-major/bin/../lib/gcc/arm-none-eabi/7.2.1/../../../../arm-none-eabi/lib/thumb/v6-m\libg_nano.a(lib_a-init.o)
                              ./system/src/cmsis/startup_stm32f030x8.o (__libc_init_array)
c:/program files (x86)/gnu tools arm embedded/7 2017-q4-major/bin/../lib/gcc/arm-none-eabi/7.2.1/../../../../arm-none-eabi/lib/thumb/v6-m\libg_nano.a(lib_a-memcpy-stub.o)
                              c:/program files (x86)/gnu tools arm embedded/7 2017-q4-major/bin/../lib/gcc/arm-none-eabi/7.2.1/thumb/v6-m\libgcc.a(unwind-arm.o) (memcpy)
c:/program files (x86)/gnu tools arm embedded/7 2017-q4-major/bin/../lib/gcc/arm-none-eabi/7.2.1/../../../../arm-none-eabi/lib/thumb/v6-m\libg_nano.a(lib_a-strlen.o)
                              ./system/src/diag/Trace.o (strlen)
c:/program files (x86)/gnu tools arm embedded/7 2017-q4-major/bin/../lib/gcc/arm-none-eabi/7.2.1/../../../../arm-none-eabi/lib/thumb/v6-m\libg_nano.a(lib_a-vsnprintf.o)
                              ./system/src/diag/Trace.o (vsnprintf)
c:/program files (x86)/gnu tools arm embedded/7 2017-q4-major/bin/../lib/gcc/arm-none-eabi/7.2.1/../../../../arm-none-eabi/lib/thumb/v6-m\libg_nano.a(lib_a-nano-svfprintf.o)
                              c:/program files (x86)/gnu tools arm embedded/7 2017-q4-major/bin/../lib/gcc/arm-none-eabi/7.2.1/../../../../arm-none-eabi/lib/thumb/v6-m\libg_nano.a(lib_a-vsnprintf.o) (_svfprintf_r)
c:/program files (x86)/gnu tools arm embedded/7 2017-q4-major/bin/../lib/gcc/arm-none-eabi/7.2.1/../../../../arm-none-eabi/lib/thumb/v6-m\libg_nano.a(lib_a-nano-vfprintf_i.o)
                              c:/program files (x86)/gnu tools arm embedded/7 2017-q4-major/bin/../lib/gcc/arm-none-eabi/7.2.1/../../../../arm-none-eabi/lib/thumb/v6-m\libg_nano.a(lib_a-nano-svfprintf.o) (_printf_i)
c:/program files (x86)/gnu tools arm embedded/7 2017-q4-major/bin/../lib/gcc/arm-none-eabi/7.2.1/../../../../arm-none-eabi/lib/thumb/v6-m\libg_nano.a(lib_a-memchr-stub.o)
                              c:/program files (x86)/gnu tools arm embedded/7 2017-q4-major/bin/../lib/gcc/arm-none-eabi/7.2.1/../../../../arm-none-eabi/lib/thumb/v6-m\libg_nano.a(lib_a-nano-svfprintf.o) (memchr)
c:/program files (x86)/gnu tools arm embedded/7 2017-q4-major/bin/../lib/gcc/arm-none-eabi/7.2.1/../../../../arm-none-eabi/lib/thumb/v6-m\libg_nano.a(lib_a-memmove.o)
                              c:/program files (x86)/gnu tools arm embedded/7 2017-q4-major/bin/../lib/gcc/arm-none-eabi/7.2.1/../../../../arm-none-eabi/lib/thumb/v6-m\libg_nano.a(lib_a-nano-svfprintf.o) (memmove)
c:/program files (x86)/gnu tools arm embedded/7 2017-q4-major/bin/../lib/gcc/arm-none-eabi/7.2.1/../../../../arm-none-eabi/lib/thumb/v6-m\libg_nano.a(lib_a-nano-freer.o)
[...]
Memory Configuration

Name             Origin             Length             Attributes
FLASH            0x08000000         0x00010000         xr
RAM              0x20000000         0x00002000         xrw
CCMRAM           0x10000000         0x00000000         xrw
FLASHB1          0x00000000         0x00000000         xr
EXTMEMB0         0x00000000         0x00000000         xr
EXTMEMB1         0x00000000         0x00000000         xr
EXTMEMB2         0x00000000         0x00000000         xr
EXTMEMB3         0x00000000         0x00000000         xr
*default*        0x00000000         0xffffffff

Linker script and memory map

LOAD ./system/src/stm32f0xx/stm32f0xx_hal.o
LOAD ./system/src/stm32f0xx/stm32f0xx_hal_cortex.o
LOAD ./system/src/stm32f0xx/stm32f0xx_hal_dma.o
LOAD ./system/src/stm32f0xx/stm32f0xx_hal_flash.o
LOAD ./system/src/stm32f0xx/stm32f0xx_hal_flash_ex.o
LOAD ./system/src/stm32f0xx/stm32f0xx_hal_gpio.o
LOAD ./system/src/stm32f0xx/stm32f0xx_hal_i2c.o
LOAD ./system/src/stm32f0xx/stm32f0xx_hal_i2c_ex.o
LOAD ./system/src/stm32f0xx/stm32f0xx_hal_pwr.o
LOAD ./system/src/stm32f0xx/stm32f0xx_hal_pwr_ex.o
LOAD ./system/src/stm32f0xx/stm32f0xx_hal_rcc.o
LOAD ./system/src/stm32f0xx/stm32f0xx_hal_rcc_ex.o
LOAD ./system/src/stm32f0xx/stm32f0xx_hal_tim.o
LOAD ./system/src/stm32f0xx/stm32f0xx_hal_tim_ex.o
LOAD ./system/src/newlib/_cxx.o
LOAD ./system/src/newlib/_exit.o
LOAD ./system/src/newlib/_sbrk.o
LOAD ./system/src/newlib/_startup.o
LOAD ./system/src/newlib/_syscalls.o
LOAD ./system/src/newlib/assert.o
LOAD ./system/src/diag/Trace.o
LOAD ./system/src/diag/trace_impl.o
LOAD ./system/src/cortexm/_initialize_hardware.o
LOAD ./system/src/cortexm/_reset_hardware.o
LOAD ./system/src/cortexm/exception_handlers.o
LOAD ./system/src/cmsis/startup_stm32f030x8.o
LOAD ./src/_write.o
LOAD ./src/main.o
LOAD ./src/stm32f0xx_hal_msp.o
LOAD ./src/stm32f0xx_it.o
LOAD ./src/system_stm32f0xx.o
LOAD c:/program files (x86)/gnu tools arm embedded/7 2017-q4-major/bin/../lib/gcc/arm-none-eabi/7.2.1/../../../../arm-none-eabi/lib/thumb/v6-m\libstdc++_nano.a
LOAD c:/program files (x86)/gnu tools arm embedded/7 2017-q4-major/bin/../lib/gcc/arm-none-eabi/7.2.1/../../../../arm-none-eabi/lib/thumb/v6-m\libm.a
START GROUP
LOAD c:/program files (x86)/gnu tools arm embedded/7 2017-q4-major/bin/../lib/gcc/arm-none-eabi/7.2.1/thumb/v6-m\libgcc.a
LOAD c:/program files (x86)/gnu tools arm embedded/7 2017-q4-major/bin/../lib/gcc/arm-none-eabi/7.2.1/../../../../arm-none-eabi/lib/thumb/v6-m\libg_nano.a
LOAD c:/program files (x86)/gnu tools arm embedded/7 2017-q4-major/bin/../lib/gcc/arm-none-eabi/7.2.1/../../../../arm-none-eabi/lib/thumb/v6-m\libc_nano.a
END GROUP
START GROUP
LOAD c:/program files (x86)/gnu tools arm embedded/7 2017-q4-major/bin/../lib/gcc/arm-none-eabi/7.2.1/thumb/v6-m\libgcc.a
LOAD c:/program files (x86)/gnu tools arm embedded/7 2017-q4-major/bin/../lib/gcc/arm-none-eabi/7.2.1/../../../../arm-none-eabi/lib/thumb/v6-m\libc_nano.a
END GROUP
                0x20002000                __stack = (ORIGIN (RAM) + LENGTH (RAM))
                0x20002000                _estack = __stack
                0x00000400                __Main_Stack_Size = 0x400
                [!provide]                PROVIDE (_Main_Stack_Size, __Main_Stack_Size)
                0x20001c00                __Main_Stack_Limit = (__stack - __Main_Stack_Size)
                [!provide]                PROVIDE (_Main_Stack_Limit, __Main_Stack_Limit)
                0x00000100                _Minimum_Stack_Size = 0x100
                0x20000118                PROVIDE (_Heap_Begin, _end_noinit)
                0x20001c00                PROVIDE (_Heap_Limit, (__stack - __Main_Stack_Size))

.isr_vector     0x08000000      0x228
 FILL mask 0xff
                0x08000000                __vectors_start = ABSOLUTE (.)
                0x08000000                __vectors_start__ = ABSOLUTE (.)
 *(.isr_vector)
 .isr_vector    0x08000000       0xc0 ./system/src/cmsis/startup_stm32f030x8.o
                0x08000000                g_pfnVectors
 *(.cfmconfig)
 *(.after_vectors .after_vectors.*)
 .after_vectors
                0x080000c0      0x118 ./system/src/newlib/_startup.o
                0x080000c0                _start
 .after_vectors
                0x080001d8       0x50 ./system/src/cortexm/exception_handlers.o
                0x080001d8                Reset_Handler
                0x080001de                NMI_Handler
                0x080001e2                HardFault_Handler
                0x080001fa                HardFault_Handler_C
                0x08000218                SVC_Handler
                0x0800021c                PendSV_Handler

.inits          0x08000228       0x28
                0x08000228                __data_regions_array_start = .
                0x08000228        0x4 LONG 0x80019bc LOADADDR (.data)
                0x0800022c        0x4 LONG 0x20000000 ADDR (.data)
                0x08000230        0x4 LONG 0x20000078 (ADDR (.data) + SIZEOF (.data))
                0x08000234        0x4 LONG 0x80019bc LOADADDR (.data_CCMRAM)
                0x08000238        0x4 LONG 0x10000000 ADDR (.data_CCMRAM)
                0x0800023c        0x4 LONG 0x10000000 (ADDR (.data_CCMRAM) + SIZEOF (.data_CCMRAM))
                0x08000240                __data_regions_array_end = .
                0x08000240                __bss_regions_array_start = .
                0x08000240        0x4 LONG 0x20000078 ADDR (.bss)
                0x08000244        0x4 LONG 0x20000118 (ADDR (.bss) + SIZEOF (.bss))
                0x08000248        0x4 LONG 0x10000000 ADDR (.bss_CCMRAM)
                0x0800024c        0x4 LONG 0x10000000 (ADDR (.bss_CCMRAM) + SIZEOF (.bss_CCMRAM))
                0x08000250                __bss_regions_array_end = .
 *(.init)
 *(.fini)
                0x08000250                . = ALIGN (0x4)
                0x08000250                PROVIDE (__preinit_array_start, .)
 *(.preinit_array_sysinit .preinit_array_sysinit.*)
 *(.preinit_array_platform .preinit_array_platform.*)
 *(.preinit_array .preinit_array.*)
                0x08000250                PROVIDE (__preinit_array_end, .)
                0x08000250                . = ALIGN (0x4)
                0x08000250                PROVIDE (__init_array_start, .)
 *(SORT_BY_NAME(.init_array.*))
 *(.init_array)
                0x08000250                PROVIDE (__init_array_end, .)
                0x08000250                . = ALIGN (0x4)
                0x08000250                PROVIDE (__fini_array_start, .)
 *(SORT_BY_NAME(.fini_array.*))
 *(.fini_array)
                0x08000250                PROVIDE (__fini_array_end, .)

.flashtext
 *(.flashtext .flashtext.*)

.text           0x08000250     0x176b
 *(.text .text.*)
 .text.HAL_InitTick
                0x08000250       0x24 ./system/src/stm32f0xx/stm32f0xx_hal.o
                0x08000250                HAL_InitTick
 .text.HAL_Init
                0x08000274       0x20 ./system/src/stm32f0xx/stm32f0xx_hal.o
                0x08000274                HAL_Init
 .text.HAL_IncTick
                0x08000294       0x10 ./system/src/stm32f0xx/stm32f0xx_hal.o
                0x08000294                HAL_IncTick
 .text.HAL_GetTick
                0x080002a4        0xc ./system/src/stm32f0xx/stm32f0xx_hal.o
                0x080002a4                HAL_GetTick
 .text.HAL_NVIC_SetPriority
                0x080002b0       0x60 ./system/src/stm32f0xx/stm32f0xx_hal_cortex.o
                0x080002b0                HAL_NVIC_SetPriority
 .text.HAL_SYSTICK_Config
                0x08000310       0x38 ./system/src/stm32f0xx/stm32f0xx_hal_cortex.o
                0x08000310                HAL_SYSTICK_Config
 .text.HAL_SYSTICK_CLKSourceConfig
                0x08000348       0x20 ./system/src/stm32f0xx/stm32f0xx_hal_cortex.o
                0x08000348                HAL_SYSTICK_CLKSourceConfig
 .text.HAL_SYSTICK_Callback
                0x08000368        0x2 ./system/src/stm32f0xx/stm32f0xx_hal_cortex.o
                0x08000368                HAL_SYSTICK_Callback
 .text.HAL_SYSTICK_IRQHandler
                0x0800036a        0x8 ./system/src/stm32f0xx/stm32f0xx_hal_cortex.o
                0x0800036a                HAL_SYSTICK_IRQHandler
 *fill*         0x08000372        0x2 
 .text.HAL_GPIO_Init
                0x08000374      0x18c ./system/src/stm32f0xx/stm32f0xx_hal_gpio.o
                0x08000374                HAL_GPIO_Init
 .text.HAL_GPIO_WritePin
                0x08000500        0xc ./system/src/stm32f0xx/stm32f0xx_hal_gpio.o
                0x08000500                HAL_GPIO_WritePin
 .text.HAL_RCC_OscConfig
                0x0800050c      0x454 ./system/src/stm32f0xx/stm32f0xx_hal_rcc.o
                0x0800050c                HAL_RCC_OscConfig
 .text.HAL_RCC_GetSysClockFreq
                0x08000960       0x70 ./system/src/stm32f0xx/stm32f0xx_hal_rcc.o
                0x08000960                HAL_RCC_GetSysClockFreq
 .text.HAL_RCC_ClockConfig
                0x080009d0      0x154 ./system/src/stm32f0xx/stm32f0xx_hal_rcc.o
                0x080009d0                HAL_RCC_ClockConfig
 .text.HAL_RCC_GetHCLKFreq
                0x08000b24        0xc ./system/src/stm32f0xx/stm32f0xx_hal_rcc.o
                0x08000b24                HAL_RCC_GetHCLKFreq
 .text._exit    0x08000b30        0x2 ./system/src/newlib/_exit.o
                0x08000b30                _exit
 *fill*         0x08000b32        0x2 
 .text._sbrk    0x08000b34       0x48 ./system/src/newlib/_sbrk.o
                0x08000b34                _sbrk
 .text.__initialize_args
                0x08000b7c       0x10 ./system/src/newlib/_syscalls.o
                0x08000b7c                __initialize_args
 .text.trace_printf
                0x08000b8c       0x2c ./system/src/diag/Trace.o
                0x08000b8c                trace_printf
 .text._trace_write_semihosting_debug
                0x08000bb8       0x60 ./system/src/diag/trace_impl.o
 .text.trace_write
                0x08000c18        0x8 ./system/src/diag/trace_impl.o
                0x08000c18                trace_write
 .text.__initialize_hardware_early
                0x08000c20        0x8 ./system/src/cortexm/_initialize_hardware.o
                0x08000c20                __initialize_hardware_early
 .text.__initialize_hardware
                0x08000c28        0x8 ./system/src/cortexm/_initialize_hardware.o
                0x08000c28                __initialize_hardware
 .text.dumpExceptionStack
                0x08000c30       0x88 ./system/src/cortexm/exception_handlers.o
                0x08000c30                dumpExceptionStack
 .text.Default_Handler
                0x08000cb8        0x2 ./system/src/cmsis/startup_stm32f030x8.o
                0x08000cb8                TIM1_CC_IRQHandler
                0x08000cb8                TIM6_IRQHandler
                0x08000cb8                I2C1_IRQHandler
                0x08000cb8                SPI1_IRQHandler
                0x08000cb8                EXTI2_3_IRQHandler
                0x08000cb8                ADC1_IRQHandler
                0x08000cb8                I2C2_IRQHandler
                0x08000cb8                TIM17_IRQHandler
                0x08000cb8                RTC_IRQHandler
                0x08000cb8                TIM16_IRQHandler
                0x08000cb8                TIM3_IRQHandler
                0x08000cb8                EXTI4_15_IRQHandler
                0x08000cb8                RCC_IRQHandler
                0x08000cb8                DMA1_Channel1_IRQHandler
                0x08000cb8                Default_Handler
                0x08000cb8                TIM14_IRQHandler
                0x08000cb8                DMA1_Channel4_5_IRQHandler
                0x08000cb8                TIM15_IRQHandler
                0x08000cb8                EXTI0_1_IRQHandler
                0x08000cb8                SPI2_IRQHandler
                0x08000cb8                WWDG_IRQHandler
                0x08000cb8                DMA1_Channel2_3_IRQHandler
                0x08000cb8                USART2_IRQHandler
                0x08000cb8                FLASH_IRQHandler
                0x08000cb8                USART1_IRQHandler
                0x08000cb8                TIM1_BRK_UP_TRG_COM_IRQHandler
 *fill*         0x08000cba        0x2 
 .text.MX_GPIO_Init
                0x08000cbc       0x9c ./src/main.o
 .text._Error_Handler
                0x08000d58        0x2 ./src/main.o
                0x08000d58                _Error_Handler
 *fill*         0x08000d5a        0x2 
 .text.SystemClock_Config
                0x08000d5c       0x7c ./src/main.o
                0x08000d5c                SystemClock_Config
 .text.main     0x08000dd8       0x10 ./src/main.o
                0x08000dd8                main
 .text.HAL_MspInit
                0x08000de8       0x44 ./src/stm32f0xx_hal_msp.o
                0x08000de8                HAL_MspInit
 .text.SysTick_Handler
                0x08000e2c        0xc ./src/stm32f0xx_it.o
                0x08000e2c                SysTick_Handler
 .text.SystemInit
                0x08000e38       0x60 ./src/system_stm32f0xx.o
                0x08000e38                SystemInit
 .text.SystemCoreClockUpdate
                0x08000e98       0x90 ./src/system_stm32f0xx.o
                0x08000e98                SystemCoreClockUpdate
 .text          0x08000f28      0x114 c:/program files (x86)/gnu tools arm embedded/7 2017-q4-major/bin/../lib/gcc/arm-none-eabi/7.2.1/thumb/v6-m\libgcc.a(_udivsi3.o)
                0x08000f28                __aeabi_uidiv
                0x08000f28                __udivsi3
                0x08001034                __aeabi_uidivmod
 .text          0x0800103c        0x4 c:/program files (x86)/gnu tools arm embedded/7 2017-q4-major/bin/../lib/gcc/arm-none-eabi/7.2.1/thumb/v6-m\libgcc.a(_dvmd_tls.o)
                0x0800103c                __aeabi_idiv0
                0x0800103c                __aeabi_ldiv0
 .text.__errno  0x08001040        0xc c:/program files (x86)/gnu tools arm embedded/7 2017-q4-major/bin/../lib/gcc/arm-none-eabi/7.2.1/../../../../arm-none-eabi/lib/thumb/v6-m\libg_nano.a(lib_a-errno.o)
                0x08001040                __errno
 .text.memcpy   0x0800104c       0x12 c:/program files (x86)/gnu tools arm embedded/7 2017-q4-major/bin/../lib/gcc/arm-none-eabi/7.2.1/../../../../arm-none-eabi/lib/thumb/v6-m\libg_nano.a(lib_a-memcpy-stub.o)
                0x0800104c                memcpy
 .text._vsnprintf_r
                0x0800105e       0x56 c:/program files (x86)/gnu tools arm embedded/7 2017-q4-major/bin/../lib/gcc/arm-none-eabi/7.2.1/../../../../arm-none-eabi/lib/thumb/v6-m\libg_nano.a(lib_a-vsnprintf.o)
                0x0800105e                _vsniprintf_r
                0x0800105e                _vsnprintf_r
 .text.vsnprintf
                0x080010b4       0x18 c:/program files (x86)/gnu tools arm embedded/7 2017-q4-major/bin/../lib/gcc/arm-none-eabi/7.2.1/../../../../arm-none-eabi/lib/thumb/v6-m\libg_nano.a(lib_a-vsnprintf.o)
                0x080010b4                vsniprintf
                0x080010b4                vsnprintf
 .text.__ssputs_r
                0x080010cc       0xc4 c:/program files (x86)/gnu tools arm embedded/7 2017-q4-major/bin/../lib/gcc/arm-none-eabi/7.2.1/../../../../arm-none-eabi/lib/thumb/v6-m\libg_nano.a(lib_a-nano-svfprintf.o)
                0x080010cc                __ssputs_r
 .text._svfprintf_r
                0x08001190      0x1fc c:/program files (x86)/gnu tools arm embedded/7 2017-q4-major/bin/../lib/gcc/arm-none-eabi/7.2.1/../../../../arm-none-eabi/lib/thumb/v6-m\libg_nano.a(lib_a-nano-svfprintf.o)
                0x08001190                _svfiprintf_r
                0x08001190                _svfprintf_r
 .text._printf_common
                0x0800138c       0xda c:/program files (x86)/gnu tools arm embedded/7 2017-q4-major/bin/../lib/gcc/arm-none-eabi/7.2.1/../../../../arm-none-eabi/lib/thumb/v6-m\libg_nano.a(lib_a-nano-vfprintf_i.o)
                0x0800138c                _printf_common
 *fill*         0x08001466        0x2 
 .text._printf_i
                0x08001468      0x210 c:/program files (x86)/gnu tools arm embedded/7 2017-q4-major/bin/../lib/gcc/arm-none-eabi/7.2.1/../../../../arm-none-eabi/lib/thumb/v6-m\libg_nano.a(lib_a-nano-vfprintf_i.o)
                0x08001468                _printf_i
 .text.memchr   0x08001678       0x16 c:/program files (x86)/gnu tools arm embedded/7 2017-q4-major/bin/../lib/gcc/arm-none-eabi/7.2.1/../../../../arm-none-eabi/lib/thumb/v6-m\libg_nano.a(lib_a-memchr-stub.o)
                0x08001678                memchr
 .text.memmove  0x0800168e       0x26 c:/program files (x86)/gnu tools arm embedded/7 2017-q4-major/bin/../lib/gcc/arm-none-eabi/7.2.1/../../../../arm-none-eabi/lib/thumb/v6-m\libg_nano.a(lib_a-memmove.o)
                0x0800168e                memmove
 .text._free_r  0x080016b4       0x94 c:/program files (x86)/gnu tools arm embedded/7 2017-q4-major/bin/../lib/gcc/arm-none-eabi/7.2.1/../../../../arm-none-eabi/lib/thumb/v6-m\libg_nano.a(lib_a-nano-freer.o)
                0x080016b4                _free_r
 .text._malloc_r
                0x08001748       0xbc c:/program files (x86)/gnu tools arm embedded/7 2017-q4-major/bin/../lib/gcc/arm-none-eabi/7.2.1/../../../../arm-none-eabi/lib/thumb/v6-m\libg_nano.a(lib_a-nano-mallocr.o)
                0x08001748                _malloc_r
 .text._realloc_r
                0x08001804       0x4c c:/program files (x86)/gnu tools arm embedded/7 2017-q4-major/bin/../lib/gcc/arm-none-eabi/7.2.1/../../../../arm-none-eabi/lib/thumb/v6-m\libg_nano.a(lib_a-nano-reallocr.o)
                0x08001804                _realloc_r
 .text._sbrk_r  0x08001850       0x24 c:/program files (x86)/gnu tools arm embedded/7 2017-q4-major/bin/../lib/gcc/arm-none-eabi/7.2.1/../../../../arm-none-eabi/lib/thumb/v6-m\libg_nano.a(lib_a-sbrkr.o)
                0x08001850                _sbrk_r
 .text.__malloc_lock
                0x08001874        0x2 c:/program files (x86)/gnu tools arm embedded/7 2017-q4-major/bin/../lib/gcc/arm-none-eabi/7.2.1/../../../../arm-none-eabi/lib/thumb/v6-m\libg_nano.a(lib_a-mlock.o)
                0x08001874                __malloc_lock
 .text.__malloc_unlock
                0x08001876        0x2 c:/program files (x86)/gnu tools arm embedded/7 2017-q4-major/bin/../lib/gcc/arm-none-eabi/7.2.1/../../../../arm-none-eabi/lib/thumb/v6-m\libg_nano.a(lib_a-mlock.o)
                0x08001876                __malloc_unlock
 .text._malloc_usable_size_r
                0x08001878       0x10 c:/program files (x86)/gnu tools arm embedded/7 2017-q4-major/bin/../lib/gcc/arm-none-eabi/7.2.1/../../../../arm-none-eabi/lib/thumb/v6-m\libg_nano.a(lib_a-nano-msizer.o)
                0x08001878                _malloc_usable_size_r
 *(.rodata .rodata.* .constdata .constdata.*)
 .rodata        0x08001888       0x20 ./system/src/stm32f0xx/stm32f0xx_hal_rcc.o
 .rodata.dumpExceptionStack.str1.4
                0x080018a8       0xae ./system/src/cortexm/exception_handlers.o
 *fill*         0x08001956        0x2 
 .rodata.str1.4
                0x08001958        0xd ./system/src/cortexm/exception_handlers.o
 *fill*         0x08001965        0x3 
 .rodata.SystemClock_Config.str1.4
                0x08001968       0x10 ./src/main.o
                                  0xe (size before relaxing)
 .rodata.AHBPrescTable
                0x08001978       0x10 ./src/system_stm32f0xx.o
                0x08001978                AHBPrescTable
 .rodata._svfprintf_r.str1.1
                0x08001988       0x11 c:/program files (x86)/gnu tools arm embedded/7 2017-q4-major/bin/../lib/gcc/arm-none-eabi/7.2.1/../../../../arm-none-eabi/lib/thumb/v6-m\libg_nano.a(lib_a-nano-svfprintf.o)
 .rodata._printf_i.str1.1
                0x08001999       0x22 c:/program files (x86)/gnu tools arm embedded/7 2017-q4-major/bin/../lib/gcc/arm-none-eabi/7.2.1/../../../../arm-none-eabi/lib/thumb/v6-m\libg_nano.a(lib_a-nano-vfprintf_i.o)
 *(vtable)
 *(.eh_frame*)
 *(.glue_7)
 .glue_7        0x080019bb        0x0 linker stubs
 *(.glue_7t)
 .glue_7t       0x080019bb        0x0 linker stubs

.vfp11_veneer   0x080019bc        0x0
 .vfp11_veneer  0x080019bc        0x0 linker stubs

.v4_bx          0x080019bc        0x0
 .v4_bx         0x080019bc        0x0 linker stubs

.iplt           0x080019bc        0x0
 .iplt          0x080019bc        0x0 ./system/src/stm32f0xx/stm32f0xx_hal.o

.rel.dyn        0x080019bc        0x0
 .rel.iplt      0x080019bc        0x0 ./system/src/stm32f0xx/stm32f0xx_hal.o

.ARM.extab
 *(.ARM.extab* .gnu.linkonce.armextab.*)
                0x080019bc                . = ALIGN (0x4)
                0x080019bc                __exidx_start = .

.ARM.exidx
 *(.ARM.exidx* .gnu.linkonce.armexidx.*)
                0x080019bc                __exidx_end = .
                0x080019bc                . = ALIGN (0x4)
                0x080019bc                _etext = .
                0x080019bc                __etext = .

.data_CCMRAM    0x10000000        0x0 load address 0x080019bc
 FILL mask 0xff
 *(.data.CCMRAM .data.CCMRAM.*)
                0x10000000                . = ALIGN (0x4)
                0x080019bc                _sidata = LOADADDR (.data)

.data           0x20000000       0x78 load address 0x080019bc
 FILL mask 0xff
                0x20000000                _sdata = .
                0x20000000                __data_start__ = .
 *(.data_begin .data_begin.*)
 .data_begin    0x20000000        0x4 ./system/src/newlib/_startup.o
 *(.data .data.*)
 .data.argv.4310
                0x20000004        0x8 ./system/src/newlib/_syscalls.o
 .data.SystemCoreClock
                0x2000000c        0x4 ./src/system_stm32f0xx.o
                0x2000000c                SystemCoreClock
 .data._impure_ptr
                0x20000010        0x4 c:/program files (x86)/gnu tools arm embedded/7 2017-q4-major/bin/../lib/gcc/arm-none-eabi/7.2.1/../../../../arm-none-eabi/lib/thumb/v6-m\libg_nano.a(lib_a-impure.o)
                0x20000010                _impure_ptr
 .data.impure_data
                0x20000014       0x60 c:/program files (x86)/gnu tools arm embedded/7 2017-q4-major/bin/../lib/gcc/arm-none-eabi/7.2.1/../../../../arm-none-eabi/lib/thumb/v6-m\libg_nano.a(lib_a-impure.o)
 *(.data_end .data_end.*)
 .data_end      0x20000074        0x4 ./system/src/newlib/_startup.o
                0x20000078                . = ALIGN (0x4)
                0x20000078                _edata = .
                0x20000078                __data_end__ = .

.igot.plt       0x20000078        0x0 load address 0x08001a34
 .igot.plt      0x20000078        0x0 ./system/src/stm32f0xx/stm32f0xx_hal.o

.bss_CCMRAM     0x10000000        0x0
 *(.bss.CCMRAM .bss.CCMRAM.*)

.bss            0x20000078       0xa0
                0x20000078                __bss_start__ = .
                0x20000078                _sbss = .
 *(.bss_begin .bss_begin.*)
 .bss_begin     0x20000078        0x4 ./system/src/newlib/_startup.o
 *(.bss .bss.*)
 .bss.current_heap_end.3961
                0x2000007c        0x4 ./system/src/newlib/_sbrk.o
 .bss.name.4309
                0x20000080        0x1 ./system/src/newlib/_syscalls.o
 *fill*         0x20000081        0x3 
 .bss.buf.5205  0x20000084       0x80 ./system/src/diag/Trace.o
 .bss.__malloc_free_list
                0x20000104        0x4 c:/program files (x86)/gnu tools arm embedded/7 2017-q4-major/bin/../lib/gcc/arm-none-eabi/7.2.1/../../../../arm-none-eabi/lib/thumb/v6-m\libg_nano.a(lib_a-nano-mallocr.o)
                0x20000104                __malloc_free_list
 .bss.__malloc_sbrk_start
                0x20000108        0x4 c:/program files (x86)/gnu tools arm embedded/7 2017-q4-major/bin/../lib/gcc/arm-none-eabi/7.2.1/../../../../arm-none-eabi/lib/thumb/v6-m\libg_nano.a(lib_a-nano-mallocr.o)
                0x20000108                __malloc_sbrk_start
 *(COMMON)
 COMMON         0x2000010c        0x4 ./system/src/stm32f0xx/stm32f0xx_hal.o
                0x2000010c                uwTick
 COMMON         0x20000110        0x4 ./system/src/newlib/_syscalls.o
                0x20000110                errno
 *(.bss_end .bss_end.*)
 .bss_end       0x20000114        0x4 ./system/src/newlib/_startup.o
                0x20000118                . = ALIGN (0x4)
                0x20000118                __bss_end__ = .
                0x20000118                _ebss = .

.noinit_CCMRAM
 *(.noinit.CCMRAM .noinit.CCMRAM.*)

.noinit         0x20000118        0x0
                0x20000118                _noinit = .
 *(.noinit .noinit.*)
                0x20000118                . = ALIGN (0x4)
                0x20000118                _end_noinit = .
                [!provide]                PROVIDE (end, _end_noinit)
                [!provide]                PROVIDE (_end, _end_noinit)
                [!provide]                PROVIDE (__end, _end_noinit)
                [!provide]                PROVIDE (__end__, _end_noinit)

._check_stack   0x20000118      0x100
                0x20000218                . = (. + _Minimum_Stack_Size)
 *fill*         0x20000118      0x100 

.b1text
 *(.b1text)
 *(.b1rodata)
 *(.b1rodata.*)

.eb0text
 *(.eb0text)
 *(.eb0rodata)
 *(.eb0rodata.*)

.eb1text
 *(.eb1text)
 *(.eb1rodata)
 *(.eb1rodata.*)

.eb2text
 *(.eb2text)
 *(.eb2rodata)
 *(.eb2rodata.*)

.eb3text
 *(.eb3text)
 *(.eb3rodata)
 *(.eb3rodata.*)

.stab
 *(.stab)

.stabstr
 *(.stabstr)

.stab.excl
 *(.stab.excl)

.stab.exclstr
 *(.stab.exclstr)

.stab.index
 *(.stab.index)

.stab.indexstr
 *(.stab.indexstr)

.comment        0x00000000       0x7e
 *(.comment)
 .comment       0x00000000       0x7e ./system/src/stm32f0xx/stm32f0xx_hal.o
                                 0x7f (size before relaxing)
 .comment       0x0000007e       0x7f ./system/src/stm32f0xx/stm32f0xx_hal_cortex.o
 .comment       0x0000007e       0x7f ./system/src/stm32f0xx/stm32f0xx_hal_gpio.o
 .comment       0x0000007e       0x7f ./system/src/stm32f0xx/stm32f0xx_hal_rcc.o
 .comment       0x0000007e       0x7f ./system/src/newlib/_exit.o
 .comment       0x0000007e       0x7f ./system/src/newlib/_sbrk.o
 .comment       0x0000007e       0x7f ./system/src/newlib/_startup.o
 .comment       0x0000007e       0x7f ./system/src/newlib/_syscalls.o
 .comment       0x0000007e       0x7f ./system/src/diag/Trace.o
 .comment       0x0000007e       0x7f ./system/src/diag/trace_impl.o
 .comment       0x0000007e       0x7f ./system/src/cortexm/_initialize_hardware.o
 .comment       0x0000007e       0x7f ./system/src/cortexm/exception_handlers.o
 .comment       0x0000007e       0x7f ./src/main.o
 .comment       0x0000007e       0x7f ./src/stm32f0xx_hal_msp.o
 .comment       0x0000007e       0x7f ./src/stm32f0xx_it.o
 .comment       0x0000007e       0x7f ./src/system_stm32f0xx.o

.ARM.attributes
                0x00000000       0x2f
 .ARM.attributes
                0x00000000       0x31 ./system/src/stm32f0xx/stm32f0xx_hal.o
 .ARM.attributes
                0x00000031       0x31 ./system/src/stm32f0xx/stm32f0xx_hal_cortex.o
 .ARM.attributes
                0x00000062       0x31 ./system/src/stm32f0xx/stm32f0xx_hal_gpio.o
 .ARM.attributes
                0x00000093       0x31 ./system/src/stm32f0xx/stm32f0xx_hal_rcc.o
 .ARM.attributes
                0x000000c4       0x31 ./system/src/newlib/_exit.o
 .ARM.attributes
                0x000000f5       0x31 ./system/src/newlib/_sbrk.o
 .ARM.attributes
                0x00000126       0x31 ./system/src/newlib/_startup.o
 .ARM.attributes
                0x00000157       0x31 ./system/src/newlib/_syscalls.o
 .ARM.attributes
                0x00000188       0x31 ./system/src/diag/Trace.o
 .ARM.attributes
                0x000001b9       0x31 ./system/src/diag/trace_impl.o
 .ARM.attributes
                0x000001ea       0x31 ./system/src/cortexm/_initialize_hardware.o
 .ARM.attributes
                0x0000021b       0x31 ./system/src/cortexm/exception_handlers.o
 .ARM.attributes
                0x0000024c       0x21 ./system/src/cmsis/startup_stm32f030x8.o
 .ARM.attributes
                0x0000026d       0x31 ./src/main.o
 .ARM.attributes
                0x0000029e       0x31 ./src/stm32f0xx_hal_msp.o
 .ARM.attributes
                0x000002cf       0x31 ./src/stm32f0xx_it.o
 .ARM.attributes
                0x00000300       0x31 ./src/system_stm32f0xx.o
 .ARM.attributes
                0x00000331       0x1e c:/program files (x86)/gnu tools arm embedded/7 2017-q4-major/bin/../lib/gcc/arm-none-eabi/7.2.1/thumb/v6-m\libgcc.a(_udivsi3.o)
 .ARM.attributes
                0x0000034f       0x1e c:/program files (x86)/gnu tools arm embedded/7 2017-q4-major/bin/../lib/gcc/arm-none-eabi/7.2.1/thumb/v6-m\libgcc.a(_dvmd_tls.o)
 .ARM.attributes
                0x0000036d       0x2c c:/program files (x86)/gnu tools arm embedded/7 2017-q4-major/bin/../lib/gcc/arm-none-eabi/7.2.1/../../../../arm-none-eabi/lib/thumb/v6-m\libg_nano.a(lib_a-errno.o)
 .ARM.attributes
                0x00000399       0x2c c:/program files (x86)/gnu tools arm embedded/7 2017-q4-major/bin/../lib/gcc/arm-none-eabi/7.2.1/../../../../arm-none-eabi/lib/thumb/v6-m\libg_nano.a(lib_a-impure.o)
 .ARM.attributes
                0x000003c5       0x2c c:/program files (x86)/gnu tools arm embedded/7 2017-q4-major/bin/../lib/gcc/arm-none-eabi/7.2.1/../../../../arm-none-eabi/lib/thumb/v6-m\libg_nano.a(lib_a-memcpy-stub.o)
 .ARM.attributes
                0x000003f1       0x2c c:/program files (x86)/gnu tools arm embedded/7 2017-q4-major/bin/../lib/gcc/arm-none-eabi/7.2.1/../../../../arm-none-eabi/lib/thumb/v6-m\libg_nano.a(lib_a-vsnprintf.o)
 .ARM.attributes
                0x0000041d       0x2c c:/program files (x86)/gnu tools arm embedded/7 2017-q4-major/bin/../lib/gcc/arm-none-eabi/7.2.1/../../../../arm-none-eabi/lib/thumb/v6-m\libg_nano.a(lib_a-nano-svfprintf.o)
 .ARM.attributes
                0x00000449       0x2c c:/program files (x86)/gnu tools arm embedded/7 2017-q4-major/bin/../lib/gcc/arm-none-eabi/7.2.1/../../../../arm-none-eabi/lib/thumb/v6-m\libg_nano.a(lib_a-nano-vfprintf_i.o)
 .ARM.attributes
                0x00000475       0x2c c:/program files (x86)/gnu tools arm embedded/7 2017-q4-major/bin/../lib/gcc/arm-none-eabi/7.2.1/../../../../arm-none-eabi/lib/thumb/v6-m\libg_nano.a(lib_a-memchr-stub.o)
 .ARM.attributes
                0x000004a1       0x2c c:/program files (x86)/gnu tools arm embedded/7 2017-q4-major/bin/../lib/gcc/arm-none-eabi/7.2.1/../../../../arm-none-eabi/lib/thumb/v6-m\libg_nano.a(lib_a-memmove.o)
 .ARM.attributes
                0x000004cd       0x2c c:/program files (x86)/gnu tools arm embedded/7 2017-q4-major/bin/../lib/gcc/arm-none-eabi/7.2.1/../../../../arm-none-eabi/lib/thumb/v6-m\libg_nano.a(lib_a-nano-freer.o)
 .ARM.attributes
                0x000004f9       0x2c c:/program files (x86)/gnu tools arm embedded/7 2017-q4-major/bin/../lib/gcc/arm-none-eabi/7.2.1/../../../../arm-none-eabi/lib/thumb/v6-m\libg_nano.a(lib_a-nano-mallocr.o)
 .ARM.attributes
                0x00000525       0x2c c:/program files (x86)/gnu tools arm embedded/7 2017-q4-major/bin/../lib/gcc/arm-none-eabi/7.2.1/../../../../arm-none-eabi/lib/thumb/v6-m\libg_nano.a(lib_a-nano-reallocr.o)
 .ARM.attributes
                0x00000551       0x2c c:/program files (x86)/gnu tools arm embedded/7 2017-q4-major/bin/../lib/gcc/arm-none-eabi/7.2.1/../../../../arm-none-eabi/lib/thumb/v6-m\libg_nano.a(lib_a-sbrkr.o)
 .ARM.attributes
                0x0000057d       0x2c c:/program files (x86)/gnu tools arm embedded/7 2017-q4-major/bin/../lib/gcc/arm-none-eabi/7.2.1/../../../../arm-none-eabi/lib/thumb/v6-m\libg_nano.a(lib_a-mlock.o)
 .ARM.attributes
                0x000005a9       0x2c c:/program files (x86)/gnu tools arm embedded/7 2017-q4-major/bin/../lib/gcc/arm-none-eabi/7.2.1/../../../../arm-none-eabi/lib/thumb/v6-m\libg_nano.a(lib_a-nano-msizer.o)

.debug
 *(.debug)

.line
 *(.line)

.debug_srcinfo
 *(.debug_srcinfo)

.debug_sfnames
 *(.debug_sfnames)

.debug_aranges  0x00000000      0x470
 *(.debug_aranges)
 .debug_aranges
                0x00000000       0xb8 ./system/src/stm32f0xx/stm32f0xx_hal.o
 .debug_aranges
                0x000000b8       0x78 ./system/src/stm32f0xx/stm32f0xx_hal_cortex.o
 .debug_aranges
                0x00000130       0x58 ./system/src/stm32f0xx/stm32f0xx_hal_gpio.o
 .debug_aranges
                0x00000188       0x80 ./system/src/stm32f0xx/stm32f0xx_hal_rcc.o
 .debug_aranges
                0x00000208       0x28 ./system/src/newlib/_exit.o
 .debug_aranges
                0x00000230       0x20 ./system/src/newlib/_sbrk.o
 .debug_aranges
                0x00000250       0x40 ./system/src/newlib/_startup.o
 .debug_aranges
                0x00000290       0x30 ./system/src/newlib/_syscalls.o
 .debug_aranges
                0x000002c0       0x38 ./system/src/diag/Trace.o
 .debug_aranges
                0x000002f8       0x30 ./system/src/diag/trace_impl.o
 .debug_aranges
                0x00000328       0x28 ./system/src/cortexm/_initialize_hardware.o
 .debug_aranges
                0x00000350       0x58 ./system/src/cortexm/exception_handlers.o
 .debug_aranges
                0x000003a8       0x28 ./system/src/cmsis/startup_stm32f030x8.o
 .debug_aranges
                0x000003d0       0x38 ./src/main.o
 .debug_aranges
                0x00000408       0x20 ./src/stm32f0xx_hal_msp.o
 .debug_aranges
                0x00000428       0x20 ./src/stm32f0xx_it.o
 .debug_aranges
                0x00000448       0x28 ./src/system_stm32f0xx.o

.debug_pubnames
 *(.debug_pubnames)

.debug_info     0x00000000     0xa02f
 *(.debug_info .gnu.linkonce.wi.*)
 .debug_info    0x00000000      0xe46 ./system/src/stm32f0xx/stm32f0xx_hal.o
 .debug_info    0x00000e46      0xfb0 ./system/src/stm32f0xx/stm32f0xx_hal_cortex.o
 .debug_info    0x00001df6      0xe3f ./system/src/stm32f0xx/stm32f0xx_hal_gpio.o
 .debug_info    0x00002c35     0x111d ./system/src/stm32f0xx/stm32f0xx_hal_rcc.o
 .debug_info    0x00003d52      0x956 ./system/src/newlib/_exit.o
 .debug_info    0x000046a8      0x942 ./system/src/newlib/_sbrk.o
 .debug_info    0x00004fea      0x42e ./system/src/newlib/_startup.o
 .debug_info    0x00005418      0xa19 ./system/src/newlib/_syscalls.o
 .debug_info    0x00005e31      0xb2a ./system/src/diag/Trace.o
 .debug_info    0x0000695b      0x397 ./system/src/diag/trace_impl.o
 .debug_info    0x00006cf2      0x135 ./system/src/cortexm/_initialize_hardware.o
 .debug_info    0x00006e27      0xbde ./system/src/cortexm/exception_handlers.o
 .debug_info    0x00007a05       0x22 ./system/src/cmsis/startup_stm32f030x8.o
 .debug_info    0x00007a27      0xf71 ./src/main.o
 .debug_info    0x00008998      0xb24 ./src/stm32f0xx_hal_msp.o
 .debug_info    0x000094bc      0x93e ./src/stm32f0xx_it.o
 .debug_info    0x00009dfa      0x235 ./src/system_stm32f0xx.o

.debug_abbrev   0x00000000     0x22ba
 *(.debug_abbrev)
 .debug_abbrev  0x00000000      0x2f6 ./system/src/stm32f0xx/stm32f0xx_hal.o
 .debug_abbrev  0x000002f6      0x328 ./system/src/stm32f0xx/stm32f0xx_hal_cortex.o
 .debug_abbrev  0x0000061e      0x2a7 ./system/src/stm32f0xx/stm32f0xx_hal_gpio.o
 .debug_abbrev  0x000008c5      0x2ea ./system/src/stm32f0xx/stm32f0xx_hal_rcc.o
 .debug_abbrev  0x00000baf      0x1f3 ./system/src/newlib/_exit.o
 .debug_abbrev  0x00000da2      0x1fc ./system/src/newlib/_sbrk.o
 .debug_abbrev  0x00000f9e      0x1b3 ./system/src/newlib/_startup.o
 .debug_abbrev  0x00001151      0x234 ./system/src/newlib/_syscalls.o
 .debug_abbrev  0x00001385      0x276 ./system/src/diag/Trace.o
 .debug_abbrev  0x000015fb      0x1ca ./system/src/diag/trace_impl.o
 .debug_abbrev  0x000017c5       0x9a ./system/src/cortexm/_initialize_hardware.o
 .debug_abbrev  0x0000185f      0x28f ./system/src/cortexm/exception_handlers.o
 .debug_abbrev  0x00001aee       0x12 ./system/src/cmsis/startup_stm32f030x8.o
 .debug_abbrev  0x00001b00      0x2ad ./src/main.o
 .debug_abbrev  0x00001dad      0x234 ./src/stm32f0xx_hal_msp.o
 .debug_abbrev  0x00001fe1      0x1d9 ./src/stm32f0xx_it.o
 .debug_abbrev  0x000021ba      0x100 ./src/system_stm32f0xx.o

.debug_line     0x00000000     0x4d22
 *(.debug_line)
 .debug_line    0x00000000      0x6f5 ./system/src/stm32f0xx/stm32f0xx_hal.o
 .debug_line    0x000006f5      0x6ee ./system/src/stm32f0xx/stm32f0xx_hal_cortex.o
 .debug_line    0x00000de3      0x6d2 ./system/src/stm32f0xx/stm32f0xx_hal_gpio.o
 .debug_line    0x000014b5      0x807 ./system/src/stm32f0xx/stm32f0xx_hal_rcc.o
 .debug_line    0x00001cbc      0x36f ./system/src/newlib/_exit.o
 .debug_line    0x0000202b      0x323 ./system/src/newlib/_sbrk.o
 .debug_line    0x0000234e      0x3dd ./system/src/newlib/_startup.o
 .debug_line    0x0000272b      0x443 ./system/src/newlib/_syscalls.o
 .debug_line    0x00002b6e      0x3eb ./system/src/diag/Trace.o
 .debug_line    0x00002f59      0x46d ./system/src/diag/trace_impl.o
 .debug_line    0x000033c6      0x190 ./system/src/cortexm/_initialize_hardware.o
 .debug_line    0x00003556      0x4c6 ./system/src/cortexm/exception_handlers.o
 .debug_line    0x00003a1c       0x8c ./system/src/cmsis/startup_stm32f030x8.o
 .debug_line    0x00003aa8      0x5d4 ./src/main.o
 .debug_line    0x0000407c      0x586 ./src/stm32f0xx_hal_msp.o
 .debug_line    0x00004602      0x591 ./src/stm32f0xx_it.o
 .debug_line    0x00004b93      0x18f ./src/system_stm32f0xx.o

.debug_frame    0x00000000      0xb04
 *(.debug_frame)
 .debug_frame   0x00000000      0x174 ./system/src/stm32f0xx/stm32f0xx_hal.o
 .debug_frame   0x00000174       0xe4 ./system/src/stm32f0xx/stm32f0xx_hal_cortex.o
 .debug_frame   0x00000258       0xcc ./system/src/stm32f0xx/stm32f0xx_hal_gpio.o
 .debug_frame   0x00000324      0x12c ./system/src/stm32f0xx/stm32f0xx_hal_rcc.o
 .debug_frame   0x00000450       0x38 ./system/src/newlib/_exit.o
 .debug_frame   0x00000488       0x28 ./system/src/newlib/_sbrk.o
 .debug_frame   0x000004b0       0x80 ./system/src/newlib/_startup.o
 .debug_frame   0x00000530       0x50 ./system/src/newlib/_syscalls.o
 .debug_frame   0x00000580       0x78 ./system/src/diag/Trace.o
 .debug_frame   0x000005f8       0x60 ./system/src/diag/trace_impl.o
 .debug_frame   0x00000658       0x40 ./system/src/cortexm/_initialize_hardware.o
 .debug_frame   0x00000698       0xb0 ./system/src/cortexm/exception_handlers.o
 .debug_frame   0x00000748       0x70 ./src/main.o
 .debug_frame   0x000007b8       0x28 ./src/stm32f0xx_hal_msp.o
 .debug_frame   0x000007e0       0x28 ./src/stm32f0xx_it.o
 .debug_frame   0x00000808       0x38 ./src/system_stm32f0xx.o
 .debug_frame   0x00000840       0x20 c:/program files (x86)/gnu tools arm embedded/7 2017-q4-major/bin/../lib/gcc/arm-none-eabi/7.2.1/thumb/v6-m\libgcc.a(_udivsi3.o)
 .debug_frame   0x00000860       0x20 c:/program files (x86)/gnu tools arm embedded/7 2017-q4-major/bin/../lib/gcc/arm-none-eabi/7.2.1/../../../../arm-none-eabi/lib/thumb/v6-m\libg_nano.a(lib_a-errno.o)
 .debug_frame   0x00000880       0x28 c:/program files (x86)/gnu tools arm embedded/7 2017-q4-major/bin/../lib/gcc/arm-none-eabi/7.2.1/../../../../arm-none-eabi/lib/thumb/v6-m\libg_nano.a(lib_a-memcpy-stub.o)
 .debug_frame   0x000008a8       0x48 c:/program files (x86)/gnu tools arm embedded/7 2017-q4-major/bin/../lib/gcc/arm-none-eabi/7.2.1/../../../../arm-none-eabi/lib/thumb/v6-m\libg_nano.a(lib_a-vsnprintf.o)
 .debug_frame   0x000008f0       0x74 c:/program files (x86)/gnu tools arm embedded/7 2017-q4-major/bin/../lib/gcc/arm-none-eabi/7.2.1/../../../../arm-none-eabi/lib/thumb/v6-m\libg_nano.a(lib_a-nano-svfprintf.o)
 .debug_frame   0x00000964       0x54 c:/program files (x86)/gnu tools arm embedded/7 2017-q4-major/bin/../lib/gcc/arm-none-eabi/7.2.1/../../../../arm-none-eabi/lib/thumb/v6-m\libg_nano.a(lib_a-nano-vfprintf_i.o)
 .debug_frame   0x000009b8       0x20 c:/program files (x86)/gnu tools arm embedded/7 2017-q4-major/bin/../lib/gcc/arm-none-eabi/7.2.1/../../../../arm-none-eabi/lib/thumb/v6-m\libg_nano.a(lib_a-memchr-stub.o)
 .debug_frame   0x000009d8       0x28 c:/program files (x86)/gnu tools arm embedded/7 2017-q4-major/bin/../lib/gcc/arm-none-eabi/7.2.1/../../../../arm-none-eabi/lib/thumb/v6-m\libg_nano.a(lib_a-memmove.o)
 .debug_frame   0x00000a00       0x2c c:/program files (x86)/gnu tools arm embedded/7 2017-q4-major/bin/../lib/gcc/arm-none-eabi/7.2.1/../../../../arm-none-eabi/lib/thumb/v6-m\libg_nano.a(lib_a-nano-freer.o)
 .debug_frame   0x00000a2c       0x2c c:/program files (x86)/gnu tools arm embedded/7 2017-q4-major/bin/../lib/gcc/arm-none-eabi/7.2.1/../../../../arm-none-eabi/lib/thumb/v6-m\libg_nano.a(lib_a-nano-mallocr.o)
 .debug_frame   0x00000a58       0x30 c:/program files (x86)/gnu tools arm embedded/7 2017-q4-major/bin/../lib/gcc/arm-none-eabi/7.2.1/../../../../arm-none-eabi/lib/thumb/v6-m\libg_nano.a(lib_a-nano-reallocr.o)
 .debug_frame   0x00000a88       0x2c c:/program files (x86)/gnu tools arm embedded/7 2017-q4-major/bin/../lib/gcc/arm-none-eabi/7.2.1/../../../../arm-none-eabi/lib/thumb/v6-m\libg_nano.a(lib_a-sbrkr.o)
 .debug_frame   0x00000ab4       0x30 c:/program files (x86)/gnu tools arm embedded/7 2017-q4-major/bin/../lib/gcc/arm-none-eabi/7.2.1/../../../../arm-none-eabi/lib/thumb/v6-m\libg_nano.a(lib_a-mlock.o)
 .debug_frame   0x00000ae4       0x20 c:/program files (x86)/gnu tools arm embedded/7 2017-q4-major/bin/../lib/gcc/arm-none-eabi/7.2.1/../../../../arm-none-eabi/lib/thumb/v6-m\libg_nano.a(lib_a-nano-msizer.o)

.debug_str      0x00000000    0x41179
 *(.debug_str)
 .debug_str     0x00000000    0x3dbaf ./system/src/stm32f0xx/stm32f0xx_hal.o
                              0x3dec4 (size before relaxing)
 .debug_str     0x0003dbaf      0x1e2 ./system/src/stm32f0xx/stm32f0xx_hal_cortex.o
                              0x3dd68 (size before relaxing)
 .debug_str     0x0003dd91      0x28b ./system/src/stm32f0xx/stm32f0xx_hal_gpio.o
                              0x3dc59 (size before relaxing)
 .debug_str     0x0003e01c      0x325 ./system/src/stm32f0xx/stm32f0xx_hal_rcc.o
                              0x3ddbd (size before relaxing)
 .debug_str     0x0003e341     0x10ff ./system/src/newlib/_exit.o
                               0x7e1c (size before relaxing)
 .debug_str     0x0003f440      0x4f5 ./system/src/newlib/_sbrk.o
                               0x71ce (size before relaxing)
 .debug_str     0x0003f935      0x260 ./system/src/newlib/_startup.o
                               0x6909 (size before relaxing)
 .debug_str     0x0003fb95      0xe8b ./system/src/newlib/_syscalls.o
                               0x80a9 (size before relaxing)
 .debug_str     0x00040a20      0x183 ./system/src/diag/Trace.o
                               0x8594 (size before relaxing)
 .debug_str     0x00040ba3      0x36d ./system/src/diag/trace_impl.o
                              0x2f556 (size before relaxing)
 .debug_str     0x00040f10       0x5e ./system/src/cortexm/_initialize_hardware.o
                              0x2b2e1 (size before relaxing)
 .debug_str     0x00040f6e      0x109 ./system/src/cortexm/exception_handlers.o
                              0x3040d (size before relaxing)
 .debug_str     0x00041077       0x39 ./system/src/cmsis/startup_stm32f030x8.o
                                 0x69 (size before relaxing)
 .debug_str     0x000410b0       0x4d ./src/main.o
                              0x3ddbc (size before relaxing)
 .debug_str     0x000410fd       0x1b ./src/stm32f0xx_hal_msp.o
                              0x3db33 (size before relaxing)
 .debug_str     0x00041118       0x28 ./src/stm32f0xx_it.o
                              0x3d977 (size before relaxing)
 .debug_str     0x00041140       0x39 ./src/system_stm32f0xx.o
                              0x2b350 (size before relaxing)

.debug_loc      0x00000000     0x11f6
 *(.debug_loc)
 .debug_loc     0x00000000       0x7c ./system/src/stm32f0xx/stm32f0xx_hal.o
 .debug_loc     0x0000007c      0x393 ./system/src/stm32f0xx/stm32f0xx_hal_cortex.o
 .debug_loc     0x0000040f      0x2fe ./system/src/stm32f0xx/stm32f0xx_hal_gpio.o
 .debug_loc     0x0000070d      0x475 ./system/src/stm32f0xx/stm32f0xx_hal_rcc.o
 .debug_loc     0x00000b82       0x99 ./system/src/newlib/_sbrk.o
 .debug_loc     0x00000c1b      0x1a9 ./system/src/newlib/_startup.o
 .debug_loc     0x00000dc4       0x63 ./system/src/newlib/_syscalls.o
 .debug_loc     0x00000e27       0xf6 ./system/src/diag/Trace.o
 .debug_loc     0x00000f1d      0x10a ./system/src/diag/trace_impl.o
 .debug_loc     0x00001027       0x94 ./system/src/cortexm/exception_handlers.o
 .debug_loc     0x000010bb      0x13b ./src/system_stm32f0xx.o

.debug_macinfo
 *(.debug_macinfo)

.debug_weaknames
 *(.debug_weaknames)

.debug_funcnames
 *(.debug_funcnames)

.debug_typenames
 *(.debug_typenames)

.debug_varnames
 *(.debug_varnames)
OUTPUT(nucleo-f0.elf elf32-littlearm)

.debug_ranges   0x00000000      0x440
 .debug_ranges  0x00000000       0xa8 ./system/src/stm32f0xx/stm32f0xx_hal.o
 .debug_ranges  0x000000a8       0xb0 ./system/src/stm32f0xx/stm32f0xx_hal_cortex.o
 .debug_ranges  0x00000158       0x48 ./system/src/stm32f0xx/stm32f0xx_hal_gpio.o
 .debug_ranges  0x000001a0       0x88 ./system/src/stm32f0xx/stm32f0xx_hal_rcc.o
 .debug_ranges  0x00000228       0x18 ./system/src/newlib/_exit.o
 .debug_ranges  0x00000240       0x10 ./system/src/newlib/_sbrk.o
 .debug_ranges  0x00000250       0x78 ./system/src/newlib/_startup.o
 .debug_ranges  0x000002c8       0x20 ./system/src/newlib/_syscalls.o
 .debug_ranges  0x000002e8       0x28 ./system/src/diag/Trace.o
 .debug_ranges  0x00000310       0x50 ./system/src/diag/trace_impl.o
 .debug_ranges  0x00000360       0x18 ./system/src/cortexm/_initialize_hardware.o
 .debug_ranges  0x00000378       0x48 ./system/src/cortexm/exception_handlers.o
 .debug_ranges  0x000003c0       0x20 ./system/src/cmsis/startup_stm32f030x8.o
 .debug_ranges  0x000003e0       0x28 ./src/main.o
 .debug_ranges  0x00000408       0x10 ./src/stm32f0xx_hal_msp.o
 .debug_ranges  0x00000418       0x10 ./src/stm32f0xx_it.o
 .debug_ranges  0x00000428       0x18 ./src/system_stm32f0xx.o

.debug_macro    0x00000000     0xd579
 .debug_macro   0x00000000      0x2f6 ./system/src/stm32f0xx/stm32f0xx_hal.o
 .debug_macro   0x000002f6      0xa48 ./system/src/stm32f0xx/stm32f0xx_hal.o
 .debug_macro   0x00000d3e       0x58 ./system/src/stm32f0xx/stm32f0xx_hal.o
 .debug_macro   0x00000d96       0x9f ./system/src/stm32f0xx/stm32f0xx_hal.o
 .debug_macro   0x00000e35       0x2e ./system/src/stm32f0xx/stm32f0xx_hal.o
 .debug_macro   0x00000e63       0x22 ./system/src/stm32f0xx/stm32f0xx_hal.o
 .debug_macro   0x00000e85      0x34e ./system/src/stm32f0xx/stm32f0xx_hal.o
 .debug_macro   0x000011d3       0x34 ./system/src/stm32f0xx/stm32f0xx_hal.o
 .debug_macro   0x00001207       0x26 ./system/src/stm32f0xx/stm32f0xx_hal.o
 .debug_macro   0x0000122d      0x30d ./system/src/stm32f0xx/stm32f0xx_hal.o
 .debug_macro   0x0000153a     0x6fa9 ./system/src/stm32f0xx/stm32f0xx_hal.o
 .debug_macro   0x000084e3       0x3c ./system/src/stm32f0xx/stm32f0xx_hal.o
 .debug_macro   0x0000851f       0x22 ./system/src/stm32f0xx/stm32f0xx_hal.o
 .debug_macro   0x00008541       0x52 ./system/src/stm32f0xx/stm32f0xx_hal.o
 .debug_macro   0x00008593       0x17 ./system/src/stm32f0xx/stm32f0xx_hal.o
 .debug_macro   0x000085aa       0x8d ./system/src/stm32f0xx/stm32f0xx_hal.o
 .debug_macro   0x00008637       0x35 ./system/src/stm32f0xx/stm32f0xx_hal.o
 .debug_macro   0x0000866c       0x9c ./system/src/stm32f0xx/stm32f0xx_hal.o
 .debug_macro   0x00008708       0x16 ./system/src/stm32f0xx/stm32f0xx_hal.o
 .debug_macro   0x0000871e       0x57 ./system/src/stm32f0xx/stm32f0xx_hal.o
 .debug_macro   0x00008775       0x97 ./system/src/stm32f0xx/stm32f0xx_hal.o
 .debug_macro   0x0000880c      0x330 ./system/src/stm32f0xx/stm32f0xx_hal.o
 .debug_macro   0x00008b3c       0xfd ./system/src/stm32f0xx/stm32f0xx_hal.o
 .debug_macro   0x00008c39       0x10 ./system/src/stm32f0xx/stm32f0xx_hal.o
 .debug_macro   0x00008c49       0x58 ./system/src/stm32f0xx/stm32f0xx_hal.o
 .debug_macro   0x00008ca1       0x1f ./system/src/stm32f0xx/stm32f0xx_hal.o
 .debug_macro   0x00008cc0       0x43 ./system/src/stm32f0xx/stm32f0xx_hal.o
 .debug_macro   0x00008d03       0x20 ./system/src/stm32f0xx/stm32f0xx_hal.o
 .debug_macro   0x00008d23      0x18e ./system/src/stm32f0xx/stm32f0xx_hal.o
 .debug_macro   0x00008eb1       0x10 ./system/src/stm32f0xx/stm32f0xx_hal.o
 .debug_macro   0x00008ec1       0x6a ./system/src/stm32f0xx/stm32f0xx_hal.o
 .debug_macro   0x00008f2b       0x1c ./system/src/stm32f0xx/stm32f0xx_hal.o
 .debug_macro   0x00008f47       0x52 ./system/src/stm32f0xx/stm32f0xx_hal.o
 .debug_macro   0x00008f99       0x40 ./system/src/stm32f0xx/stm32f0xx_hal.o
 .debug_macro   0x00008fd9       0x10 ./system/src/stm32f0xx/stm32f0xx_hal.o
 .debug_macro   0x00008fe9       0x40 ./system/src/stm32f0xx/stm32f0xx_hal.o
 .debug_macro   0x00009029       0xd7 ./system/src/stm32f0xx/stm32f0xx_hal.o
 .debug_macro   0x00009100       0x1c ./system/src/stm32f0xx/stm32f0xx_hal.o
 .debug_macro   0x0000911c       0x3d ./system/src/stm32f0xx/stm32f0xx_hal.o
 .debug_macro   0x00009159       0x16 ./system/src/stm32f0xx/stm32f0xx_hal.o
 .debug_macro   0x0000916f      0x16f ./system/src/stm32f0xx/stm32f0xx_hal.o
 .debug_macro   0x000092de       0x50 ./system/src/stm32f0xx/stm32f0xx_hal.o
 .debug_macro   0x0000932e      0x92f ./system/src/stm32f0xx/stm32f0xx_hal.o
 .debug_macro   0x00009c5d      0x180 ./system/src/stm32f0xx/stm32f0xx_hal.o
 .debug_macro   0x00009ddd      0x13a ./system/src/stm32f0xx/stm32f0xx_hal.o
 .debug_macro   0x00009f17       0xe5 ./system/src/stm32f0xx/stm32f0xx_hal.o
 .debug_macro   0x00009ffc      0x1ed ./system/src/stm32f0xx/stm32f0xx_hal.o
 .debug_macro   0x0000a1e9       0x34 ./system/src/stm32f0xx/stm32f0xx_hal.o
 .debug_macro   0x0000a21d       0x43 ./system/src/stm32f0xx/stm32f0xx_hal.o
 .debug_macro   0x0000a260       0x28 ./system/src/stm32f0xx/stm32f0xx_hal.o
 .debug_macro   0x0000a288       0xb6 ./system/src/stm32f0xx/stm32f0xx_hal.o
 .debug_macro   0x0000a33e      0x199 ./system/src/stm32f0xx/stm32f0xx_hal.o
 .debug_macro   0x0000a4d7      0x202 ./system/src/stm32f0xx/stm32f0xx_hal.o
 .debug_macro   0x0000a6d9       0x61 ./system/src/stm32f0xx/stm32f0xx_hal.o
 .debug_macro   0x0000a73a       0x90 ./system/src/stm32f0xx/stm32f0xx_hal.o
 .debug_macro   0x0000a7ca       0x4d ./system/src/stm32f0xx/stm32f0xx_hal.o
 .debug_macro   0x0000a817       0x2d ./system/src/stm32f0xx/stm32f0xx_hal.o
 .debug_macro   0x0000a844       0xf8 ./system/src/stm32f0xx/stm32f0xx_hal.o
 .debug_macro   0x0000a93c      0x2d2 ./system/src/stm32f0xx/stm32f0xx_hal_cortex.o
 .debug_macro   0x0000ac0e      0x30a ./system/src/stm32f0xx/stm32f0xx_hal_gpio.o
 .debug_macro   0x0000af18      0x2e4 ./system/src/stm32f0xx/stm32f0xx_hal_rcc.o
 .debug_macro   0x0000b1fc      0x1b4 ./system/src/newlib/_exit.o
 .debug_macro   0x0000b3b0      0x10e ./system/src/newlib/_exit.o
 .debug_macro   0x0000b4be       0x8d ./system/src/newlib/_exit.o
 .debug_macro   0x0000b54b       0x35 ./system/src/newlib/_exit.o
 .debug_macro   0x0000b580      0x169 ./system/src/newlib/_sbrk.o
 .debug_macro   0x0000b6e9      0x174 ./system/src/newlib/_sbrk.o
 .debug_macro   0x0000b85d       0x10 ./system/src/newlib/_sbrk.o
 .debug_macro   0x0000b86d      0x23b ./system/src/newlib/_sbrk.o
 .debug_macro   0x0000baa8      0x173 ./system/src/newlib/_startup.o
 .debug_macro   0x0000bc1b      0x217 ./system/src/newlib/_syscalls.o
 .debug_macro   0x0000be32       0x1c ./system/src/newlib/_syscalls.o
 .debug_macro   0x0000be4e       0x10 ./system/src/newlib/_syscalls.o
 .debug_macro   0x0000be5e       0x10 ./system/src/newlib/_syscalls.o
 .debug_macro   0x0000be6e       0x10 ./system/src/newlib/_syscalls.o
 .debug_macro   0x0000be7e       0x35 ./system/src/newlib/_syscalls.o
 .debug_macro   0x0000beb3      0x122 ./system/src/newlib/_syscalls.o
 .debug_macro   0x0000bfd5       0x88 ./system/src/newlib/_syscalls.o
 .debug_macro   0x0000c05d       0x2b ./system/src/newlib/_syscalls.o
 .debug_macro   0x0000c088      0x118 ./system/src/newlib/_syscalls.o
 .debug_macro   0x0000c1a0      0x189 ./system/src/newlib/_syscalls.o
 .debug_macro   0x0000c329       0x16 ./system/src/newlib/_syscalls.o
 .debug_macro   0x0000c33f      0x1fb ./system/src/diag/Trace.o
 .debug_macro   0x0000c53a       0x4c ./system/src/diag/Trace.o
 .debug_macro   0x0000c586       0x16 ./system/src/diag/Trace.o
 .debug_macro   0x0000c59c      0x1f7 ./system/src/diag/trace_impl.o
 .debug_macro   0x0000c793       0x10 ./system/src/diag/trace_impl.o
 .debug_macro   0x0000c7a3       0xcf ./system/src/diag/trace_impl.o
 .debug_macro   0x0000c872       0xbe ./system/src/diag/trace_impl.o
 .debug_macro   0x0000c930       0x22 ./system/src/diag/trace_impl.o
 .debug_macro   0x0000c952       0x88 ./system/src/cortexm/_initialize_hardware.o
 .debug_macro   0x0000c9da      0x241 ./system/src/cortexm/exception_handlers.o
 .debug_macro   0x0000cc1b       0x3a ./system/src/cortexm/exception_handlers.o
 .debug_macro   0x0000cc55       0x10 ./system/src/cortexm/exception_handlers.o
 .debug_macro   0x0000cc65      0x2d6 ./src/main.o
 .debug_macro   0x0000cf3b      0x2d2 ./src/stm32f0xx_hal_msp.o
 .debug_macro   0x0000d20d      0x2dc ./src/stm32f0xx_it.o
 .debug_macro   0x0000d4e9       0x90 ./src/system_stm32f0xx.o
